#-----------------------------------------------------------
# Vivado v2023.2 (64-bit)
# SW Build 4029153 on Fri Oct 13 20:13:54 MDT 2023
# IP Build 4028589 on Sat Oct 14 00:45:43 MDT 2023
# SharedData Build 4025554 on Tue Oct 10 17:18:54 MDT 2023
# Start of session at: Sat Feb 21 10:42:23 2026
# Process ID: 7198
# Current directory: /home/piraten/qi7275ji/Router_MS/Sim
# Command line: vivado
# Log file: /home/piraten/qi7275ji/Router_MS/Sim/vivado.log
# Journal file: /home/piraten/qi7275ji/Router_MS/Sim/vivado.jou
# Running On: iccad-9, OS: Linux, CPU Frequency: 3800.000 MHz, CPU Physical cores: 4, Host memory: 16666 MB
#-----------------------------------------------------------
start_gui
open_project /home/piraten/qi7275ji/Router_MS/Sim/Arbiter/Arbiter.xpr
update_compile_order -fileset sources_1
launch_simulation
source TB_FP_ARBITER.tcl
relaunch_sim
close_sim
set_property SOURCE_SET sources_1 [get_filesets sim_1]
add_files -fileset sim_1 -norecurse /home/piraten/qi7275ji/Router_MS/TB/TB_RR_ARBITER.sv
update_compile_order -fileset sim_1
# Disabling source management mode.  This is to allow the top design properties to be set without GUI intervention.
set_property source_mgmt_mode None [current_project]
set_property top TB_RR_ARBITER [get_filesets sim_1]
set_property top_lib xil_defaultlib [get_filesets sim_1]
# Re-enabling previously disabled source management mode.
set_property source_mgmt_mode All [current_project]
update_compile_order -fileset sim_1
launch_simulation
source TB_RR_ARBITER.tcl
close_sim
# Disabling source management mode.  This is to allow the top design properties to be set without GUI intervention.
set_property source_mgmt_mode None [current_project]
set_property top TB_FP_ARBITER [get_filesets sim_1]
set_property top_lib xil_defaultlib [get_filesets sim_1]
# Re-enabling previously disabled source management mode.
set_property source_mgmt_mode All [current_project]
update_compile_order -fileset sim_1
launch_simulation
source TB_FP_ARBITER.tcl
close_sim
launch_simulation
source TB_FP_ARBITER.tcl
close_sim
# Disabling source management mode.  This is to allow the top design properties to be set without GUI intervention.
set_property source_mgmt_mode None [current_project]
set_property top TB_RR_ARBITER [get_filesets sim_1]
set_property top_lib xil_defaultlib [get_filesets sim_1]
# Re-enabling previously disabled source management mode.
set_property source_mgmt_mode All [current_project]
update_compile_order -fileset sim_1
launch_simulation
source TB_RR_ARBITER.tcl
relaunch_sim
close_sim
launch_simulation
source TB_RR_ARBITER.tcl
relaunch_sim
close_sim
launch_simulation
source TB_RR_ARBITER.tcl
relaunch_sim
close_sim
launch_simulation
source TB_RR_ARBITER.tcl
relaunch_sim
close_sim
